Running from: C:\Users\abbot\AppData\Local\Temp\tmpfk3qtb33 
Command: D:\SSDSteamLibrary\steamapps\common\SpaceEngineers\Tools\MwmBuilder\MwmBuilder.exe /s:Content /m:PikeCentreUpper5_LOD1.fbx /o:.\ 
: WARNING: 
    Could not find Materials library folder.
Textures\Models\Cubes\PaintedMetalColorable_cm.DDS: WARNING: 
    Texture ColorMetalTexture does not exists!
Textures\Models\Cubes\PaintedMetalColorable_ng.DDS: WARNING: 
    Texture NormalGlossTexture does not exists!
Textures\Models\Cubes\PaintedMetalColorable_add.DDS: WARNING: 
    Texture AddMapsTexture does not exists!
Textures\Models\Cubes\PaintedMetalColorable_cm.DDS: WARNING: 
    Texture ColorMetalTexture does not exists!
Textures\Models\Cubes\PaintedMetalColorableGlossy_ng.DDS: WARNING: 
    Texture NormalGlossTexture does not exists!
Textures\Models\Cubes\PaintedMetalColorableGlossy_add.DDS: WARNING: 
    Texture AddMapsTexture does not exists!
Textures\Models\Cubes\PaintedMetalColorable_cm.DDS: WARNING: 
    Texture ColorMetalTexture does not exists!
Textures\Models\Cubes\PaintedMetalColorableGlossy_ng.DDS: WARNING: 
    Texture NormalGlossTexture does not exists!
Textures\Models\Cubes\PaintedMetalColorableGlossy_add.DDS: WARNING: 
    Texture AddMapsTexture does not exists!
Textures\Models\Cubes\PaintedMetalColorable_cm.DDS: WARNING: 
    Texture ColorMetalTexture does not exists!
Textures\Models\Cubes\PaintedMetalColorable_ng.DDS: WARNING: 
    Texture NormalGlossTexture does not exists!
Textures\Models\Cubes\PaintedMetalColorable_add.DDS: WARNING: 
    Texture AddMapsTexture does not exists!
Textures\Models\Cubes\PaintedMetalColorable_cm.DDS: WARNING: 
    Texture ColorMetalTexture does not exists!
Textures\Models\Cubes\PaintedMetalColorableGlossy_ng.DDS: WARNING: 
    Texture NormalGlossTexture does not exists!
Textures\Models\Cubes\PaintedMetalColorableGlossy_add.DDS: WARNING: 
    Texture AddMapsTexture does not exists!
Textures\Models\Cubes\PaintedMetalColorable_cm.DDS: WARNING: 
    Texture ColorMetalTexture does not exists!
Textures\Models\Cubes\PaintedMetalColorable_ng.DDS: WARNING: 
    Texture NormalGlossTexture does not exists!
Textures\Models\Cubes\PaintedMetalColorable_add.DDS: WARNING: 
    Texture AddMapsTexture does not exists!
Textures\Models\Cubes\PaintedMetalColorable_cm.DDS: WARNING: 
    Texture ColorMetalTexture does not exists!
Textures\Models\Cubes\PaintedMetalColorable_ng.DDS: WARNING: 
    Texture NormalGlossTexture does not exists!
Textures\Models\Cubes\PaintedMetalColorable_add.DDS: WARNING: 
    Texture AddMapsTexture does not exists!
Textures\Models\Cubes\PaintedMetalColorable_cm.DDS: WARNING: 
    Texture ColorMetalTexture does not exists!
Textures\Models\Cubes\PaintedMetalColorableGlossy_ng.DDS: WARNING: 
    Texture NormalGlossTexture does not exists!
Textures\Models\Cubes\PaintedMetalColorableGlossy_add.DDS: WARNING: 
    Texture AddMapsTexture does not exists!
Textures\Models\Cubes\PaintedMetalColorable_cm.DDS: WARNING: 
    Texture ColorMetalTexture does not exists!
Textures\Models\Cubes\PaintedMetalColorableGlossy_ng.DDS: WARNING: 
    Texture NormalGlossTexture does not exists!
Textures\Models\Cubes\PaintedMetalColorableGlossy_add.DDS: WARNING: 
    Texture AddMapsTexture does not exists!
Textures\Models\Cubes\PaintedMetalColorable_cm.DDS: WARNING: 
    Texture ColorMetalTexture does not exists!
Textures\Models\Cubes\PaintedMetalColorable_ng.DDS: WARNING: 
    Texture NormalGlossTexture does not exists!
Textures\Models\Cubes\PaintedMetalColorable_add.DDS: WARNING: 
    Texture AddMapsTexture does not exists!
Textures\Models\Cubes\PaintedMetalColorable_cm.DDS: WARNING: 
    Texture ColorMetalTexture does not exists!
Textures\Models\Cubes\PaintedMetalColorableGlossy_ng.DDS: WARNING: 
    Texture NormalGlossTexture does not exists!
Textures\Models\Cubes\PaintedMetalColorableGlossy_add.DDS: WARNING: 
    Texture AddMapsTexture does not exists!
Textures\Models\Cubes\PaintedMetalColorable_cm.DDS: WARNING: 
    Texture ColorMetalTexture does not exists!
Textures\Models\Cubes\PaintedMetalColorable_ng.DDS: WARNING: 
    Texture NormalGlossTexture does not exists!
Textures\Models\Cubes\PaintedMetalColorable_add.DDS: WARNING: 
    Texture AddMapsTexture does not exists!
Textures\Models\Cubes\PaintedMetalColorableGlossy_cm.DDS: WARNING: 
    Texture ColorMetalTexture does not exists!
Textures\Models\Cubes\MetalMilitary_ng.DDS: WARNING: 
    Texture NormalGlossTexture does not exists!
Textures\Models\Cubes\PaintedMetalColorable_add.DDS: WARNING: 
    Texture AddMapsTexture does not exists!
Textures\Models\Cubes\PaintedMetalColorable_cm.DDS: WARNING: 
    Texture ColorMetalTexture does not exists!
Textures\Models\Cubes\PaintedMetalColorableGlossy_ng.DDS: WARNING: 
    Texture NormalGlossTexture does not exists!
Textures\Models\Cubes\PaintedMetalColorableGlossy_add.DDS: WARNING: 
    Texture AddMapsTexture does not exists!
Textures\Models\Cubes\PaintedMetalColorable_cm.DDS: WARNING: 
    Texture ColorMetalTexture does not exists!
Textures\Models\Cubes\PaintedMetalColorableGlossy_ng.DDS: WARNING: 
    Texture NormalGlossTexture does not exists!
Textures\Models\Cubes\PaintedMetalColorableGlossy_add.DDS: WARNING: 
    Texture AddMapsTexture does not exists!
Textures\Models\Cubes\PaintedMetalColorableGlossy_cm.DDS: WARNING: 
    Texture ColorMetalTexture does not exists!
Textures\Models\Cubes\MetalMilitary_ng.DDS: WARNING: 
    Texture NormalGlossTexture does not exists!
Textures\Models\Cubes\PaintedMetalColorable_add.DDS: WARNING: 
    Texture AddMapsTexture does not exists!
Textures\Models\Cubes\PaintedMetalColorable_cm.DDS: WARNING: 
    Texture ColorMetalTexture does not exists!
Textures\Models\Cubes\PaintedMetalColorableGlossy_ng.DDS: WARNING: 
    Texture NormalGlossTexture does not exists!
Textures\Models\Cubes\PaintedMetalColorableGlossy_add.DDS: WARNING: 
    Texture AddMapsTexture does not exists!
Textures\Models\Cubes\PaintedMetalColorable_cm.DDS: WARNING: 
    Texture ColorMetalTexture does not exists!
Textures\Models\Cubes\PaintedMetalColorable_ng.DDS: WARNING: 
    Texture NormalGlossTexture does not exists!
Textures\Models\Cubes\PaintedMetalColorable_add.DDS: WARNING: 
    Texture AddMapsTexture does not exists!
Textures\Models\Cubes\PaintedMetalColorableGlossy_cm.DDS: WARNING: 
    Texture ColorMetalTexture does not exists!
Textures\Models\Cubes\MetalMilitary_ng.DDS: WARNING: 
    Texture NormalGlossTexture does not exists!
Textures\Models\Cubes\PaintedMetalColorable_add.DDS: WARNING: 
    Texture AddMapsTexture does not exists!
Textures\Models\Cubes\PaintedMetalColorable_cm.DDS: WARNING: 
    Texture ColorMetalTexture does not exists!
Textures\Models\Cubes\PaintedMetalColorableGlossy_ng.DDS: WARNING: 
    Texture NormalGlossTexture does not exists!
Textures\Models\Cubes\PaintedMetalColorableGlossy_add.DDS: WARNING: 
    Texture AddMapsTexture does not exists!
Textures\Models\Cubes\PaintedMetalColorableGlossy_cm.DDS: WARNING: 
    Texture ColorMetalTexture does not exists!
Textures\Models\Cubes\MetalMilitary_ng.DDS: WARNING: 
    Texture NormalGlossTexture does not exists!
Textures\Models\Cubes\PaintedMetalColorable_add.DDS: WARNING: 
    Texture AddMapsTexture does not exists!
Textures\Models\Cubes\PaintedMetalColorable_cm.DDS: WARNING: 
    Texture ColorMetalTexture does not exists!
Textures\Models\Cubes\PaintedMetalColorableGlossy_ng.DDS: WARNING: 
    Texture NormalGlossTexture does not exists!
Textures\Models\Cubes\PaintedMetalColorableGlossy_add.DDS: WARNING: 
    Texture AddMapsTexture does not exists!
Textures\Models\Cubes\PaintedMetalColorable_cm.DDS: WARNING: 
    Texture ColorMetalTexture does not exists!
Textures\Models\Cubes\PaintedMetalColorable_ng.DDS: WARNING: 
    Texture NormalGlossTexture does not exists!
Textures\Models\Cubes\PaintedMetalColorable_add.DDS: WARNING: 
    Texture AddMapsTexture does not exists!
Textures\Models\Cubes\PaintedMetalColorable_cm.DDS: WARNING: 
    Texture ColorMetalTexture does not exists!
Textures\Models\Cubes\PaintedMetalColorableGlossy_ng.DDS: WARNING: 
    Texture NormalGlossTexture does not exists!
Textures\Models\Cubes\PaintedMetalColorableGlossy_add.DDS: WARNING: 
    Texture AddMapsTexture does not exists!
: WARNING: 
    Model contains degenerated triangle (indices 885 884 883)
: WARNING: 
    Model contains degenerated triangle (indices 889 888 887)
C:\Users\abbot\AppData\Local\Temp\tmpfk3qtb33\Content\PikeCentreUpper5_LOD1.fbx: Processed
: 
    : Finished in 0.1s
