Running from: C:\Users\abbot\AppData\Local\Temp\tmpd0o64s17 
Command: D:\SSDSteamLibrary\steamapps\common\SpaceEngineers\Tools\MwmBuilder\MwmBuilder.exe /s:Content /m:PikeCentreUpper2.fbx /o:.\ 
: WARNING: 
    Could not find Materials library folder.
Models\PikeCentreUpper2_LOD1: WARNING: 
    LOD model is missing
Textures\Models\Cubes\PaintedMetalColorable_cm.DDS: WARNING: 
    Texture ColorMetalTexture does not exists!
Textures\Models\Cubes\PaintedMetalColorableGlossy_ng.DDS: WARNING: 
    Texture NormalGlossTexture does not exists!
Textures\Models\Cubes\PaintedMetalColorableGlossy_add.DDS: WARNING: 
    Texture AddMapsTexture does not exists!
Textures\Models\Cubes\PaintedMetalColorableGlossy_cm.DDS: WARNING: 
    Texture ColorMetalTexture does not exists!
Textures\Models\Cubes\MetalMilitary_ng.DDS: WARNING: 
    Texture NormalGlossTexture does not exists!
Textures\Models\Cubes\PaintedMetalColorable_add.DDS: WARNING: 
    Texture AddMapsTexture does not exists!
C:\Users\abbot\AppData\Local\Temp\tmpd0o64s17\Content\PikeCentreUpper2.fbx: Processed
: 
    : Finished in 0.1s
