Running from: C:\Users\abbot\AppData\Local\Temp\tmp1ydht3aj 
Command: D:\SSDSteamLibrary\steamapps\common\SpaceEngineers\Tools\MwmBuilder\MwmBuilder.exe /s:Content /m:AltGunsight.fbx /o:.\ 
: WARNING: 
    Could not find Materials library folder.
Textures\Particles\SquareWindowDirtInside_ca.DDS: WARNING: 
    Texture ColorMetalTexture does not exists!
Textures\Models\Cubes\CameraLens_ng.DDS: WARNING: 
    Texture NormalGlossTexture does not exists!
Dummy.dds: WARNING: 
    Texture DiffuseTexture does not exists!
Textures\Models\Cubes\PaintedMetalDarker_cm.DDS: WARNING: 
    Texture ColorMetalTexture does not exists!
Textures\Models\Cubes\ClothBag_ng.DDS: WARNING: 
    Texture NormalGlossTexture does not exists!
Textures\Models\Cubes\ClothBag_add.DDS: WARNING: 
    Texture AddMapsTexture does not exists!
Textures\Models\Cubes\PaintedMetalColorable_cm.DDS: WARNING: 
    Texture ColorMetalTexture does not exists!
Textures\Models\Cubes\PaintedMetalColorableGlossy_ng.DDS: WARNING: 
    Texture NormalGlossTexture does not exists!
Textures\Models\Cubes\PaintedMetalColorable_add.DDS: WARNING: 
    Texture AddMapsTexture does not exists!
Dummy.dds: WARNING: 
    Texture DiffuseTexture does not exists!
Textures\Models\Cubes\PaintedMetalDarker_cm.DDS: WARNING: 
    Texture ColorMetalTexture does not exists!
Textures\Models\Cubes\ClothBag_ng.DDS: WARNING: 
    Texture NormalGlossTexture does not exists!
Textures\Models\Cubes\ClothBag_add.DDS: WARNING: 
    Texture AddMapsTexture does not exists!
Textures\Models\Cubes\PaintedMetal_VeryDark_cm.DDS: WARNING: 
    Texture ColorMetalTexture does not exists!
Textures\Models\Cubes\MatteScratchedMetal_ng.DDS: WARNING: 
    Texture NormalGlossTexture does not exists!
Textures\Particles\SquareWindowDirtInside_ca.DDS: WARNING: 
    Texture ColorMetalTexture does not exists!
Textures\Models\Cubes\CameraLens_ng.DDS: WARNING: 
    Texture NormalGlossTexture does not exists!
C:\Users\abbot\AppData\Local\Temp\tmp1ydht3aj\Content\AltGunsight.fbx: Processed
: 
    : Finished in 0.1s
