Running from: C:\Users\abbot\AppData\Local\Temp\tmp6nie6es_ 
Command: D:\SSDSteamLibrary\steamapps\common\SpaceEngineers\Tools\MwmBuilder\MwmBuilder.exe /s:Content /m:AWGMaterialLibrary.fbx /o:.\ 
: WARNING: 
    Could not find Materials library folder.
Textures\Models\Cubes\Aluminium_cm.DDS: WARNING: 
    Texture ColorMetalTexture does not exists!
Textures\Models\Cubes\PaintedMetal_Clean_ng.DDS: WARNING: 
    Texture NormalGlossTexture does not exists!
Textures\Models\Cubes\armor\Skins\Gold\Golden_cm.DDS: WARNING: 
    Texture ColorMetalTexture does not exists!
Textures\Models\Cubes\PaintedMetalColorable_ng.DDS: WARNING: 
    Texture NormalGlossTexture does not exists!
Textures\Models\Cubes\PaintedMetalColorable_add.DDS: WARNING: 
    Texture AddMapsTexture does not exists!
Textures\Models\Cubes\PaintedMetalDarker_cm.DDS: WARNING: 
    Texture ColorMetalTexture does not exists!
Textures\Models\Cubes\PaintedMetalColorableGlossy_ng.DDS: WARNING: 
    Texture NormalGlossTexture does not exists!
Textures\Models\Cubes\PaintedMetalColorableGlossy_add.DDS: WARNING: 
    Texture AddMapsTexture does not exists!
Textures\Models\Cubes\PaintedMetalColorableGlossy_cm.DDS: WARNING: 
    Texture ColorMetalTexture does not exists!
Textures\Models\Cubes\PaintedMetalColorableGlossy_ng.DDS: WARNING: 
    Texture NormalGlossTexture does not exists!
Textures\Models\Cubes\PaintedMetalColorableGlossy_add.DDS: WARNING: 
    Texture AddMapsTexture does not exists!
Textures\Models\Cubes\BlackMetal_cm.DDS: WARNING: 
    Texture ColorMetalTexture does not exists!
Textures\Models\Cubes\BlackMetal_ng.DDS: WARNING: 
    Texture NormalGlossTexture does not exists!
Textures\Models\Cubes\BlackMetal_cm.DDS: WARNING: 
    Texture ColorMetalTexture does not exists!
Textures\Models\Cubes\ClothBag_ng.DDS: WARNING: 
    Texture NormalGlossTexture does not exists!
Textures\Debug\Black.DDS: WARNING: 
    Texture ColorMetalTexture does not exists!
Dummy.dds: WARNING: 
    Texture DiffuseTexture does not exists!
Textures\Debug\Red.DDS: WARNING: 
    Texture ColorMetalTexture does not exists!
Textures\Models\Cubes\MetalMilitary_ng.DDS: WARNING: 
    Texture NormalGlossTexture does not exists!
Textures\Models\Cubes\PaintedMetal_Clean_cm.DDS: WARNING: 
    Texture ColorMetalTexture does not exists!
Textures\Models\Cubes\Rubber_ng.DDS: WARNING: 
    Texture NormalGlossTexture does not exists!
Textures\Models\Cubes\MetalMilitary_add.DDS: WARNING: 
    Texture AddMapsTexture does not exists!
Textures\Models\Cubes\armor\Skins\Gold\Golden_cm.DDS: WARNING: 
    Texture ColorMetalTexture does not exists!
Textures\Models\Cubes\armor\Skins\Silver\Silver_ng.DDS: WARNING: 
    Texture NormalGlossTexture does not exists!
Textures\Models\Cubes\PaintedMetalColorable_add.DDS: WARNING: 
    Texture AddMapsTexture does not exists!
Textures\Particles\SquareWindowDirtInside_ca.DDS: WARNING: 
    Texture ColorMetalTexture does not exists!
Textures\Models\Cubes\CameraLens_ng.DDS: WARNING: 
    Texture NormalGlossTexture does not exists!
Textures\Models\Cubes\MetalMilitary_cm.DDS: WARNING: 
    Texture ColorMetalTexture does not exists!
Textures\Models\Cubes\PaintedMetalColorableGlossy_ng.DDS: WARNING: 
    Texture NormalGlossTexture does not exists!
Textures\Models\Cubes\PaintedMetalColorableGlossy_add.DDS: WARNING: 
    Texture AddMapsTexture does not exists!
Textures\Models\Cubes\BlackMetal_cm.DDS: WARNING: 
    Texture ColorMetalTexture does not exists!
Textures\Models\Cubes\armor\Skins\Concrete\PaintedMetalColorable_ng.DDS: WARNING: 
    Texture NormalGlossTexture does not exists!
Textures\Models\Cubes\CameraLens_cm.DDS: WARNING: 
    Texture ColorMetalTexture does not exists!
Textures\Models\Cubes\AluminiumGlossy_ng.DDS: WARNING: 
    Texture NormalGlossTexture does not exists!
Textures\Models\Cubes\Rubber_cm.DDS: WARNING: 
    Texture ColorMetalTexture does not exists!
Textures\Models\Cubes\PlasticWhite_ng.DDS: WARNING: 
    Texture NormalGlossTexture does not exists!
Textures\Models\Cubes\MetalMilitary_add.DDS: WARNING: 
    Texture AddMapsTexture does not exists!
Textures\Models\Environment\Trees\AlienPineTree_Bark_cm.dds: WARNING: 
    Texture ColorMetalTexture does not exists!
Textures\Models\Cubes\Leather_Dark_ng.DDS: WARNING: 
    Texture NormalGlossTexture does not exists!
Textures\Models\Cubes\MetalMilitary_cm.DDS: WARNING: 
    Texture ColorMetalTexture does not exists!
Textures\Models\Cubes\MetalMilitary_ng.DDS: WARNING: 
    Texture NormalGlossTexture does not exists!
Textures\Models\Cubes\MetalMilitary_add.DDS: WARNING: 
    Texture AddMapsTexture does not exists!
Textures\Models\Cubes\armor\Skins\Gold\Golden_cm.DDS: WARNING: 
    Texture ColorMetalTexture does not exists!
Textures\Models\Cubes\BurnedMetal_ng.DDS: WARNING: 
    Texture NormalGlossTexture does not exists!
Textures\Models\Cubes\PaintedMetalColorable_add.DDS: WARNING: 
    Texture AddMapsTexture does not exists!
Textures\Particles\SquareWindowDirtInside_ca.DDS: WARNING: 
    Texture ColorMetalTexture does not exists!
Textures\Models\Cubes\CameraLens_ng.DDS: WARNING: 
    Texture NormalGlossTexture does not exists!
Textures\Models\Cubes\MetalMilitary_cm.DDS: WARNING: 
    Texture ColorMetalTexture does not exists!
Textures\Models\Cubes\PaintedMetalColorable_ng.DDS: WARNING: 
    Texture NormalGlossTexture does not exists!
Textures\Models\Cubes\PaintedMetalColorable_add.DDS: WARNING: 
    Texture AddMapsTexture does not exists!
Textures\Models\Cubes\BlueFrostedMetal_cm.DDS: WARNING: 
    Texture ColorMetalTexture does not exists!
Textures\Models\Cubes\PlasticWhite_ng.DDS: WARNING: 
    Texture NormalGlossTexture does not exists!
Textures\Models\Environment\Trees\AlienPineTree_Bark_cm.dds: WARNING: 
    Texture ColorMetalTexture does not exists!
Textures\Models\Cubes\armor\Skins\Silver\Silver_cm.DDS: WARNING: 
    Texture ColorMetalTexture does not exists!
Textures\Models\Cubes\PlasticWhite_ng.DDS: WARNING: 
    Texture NormalGlossTexture does not exists!
Textures\Models\Cubes\MetalMilitary_cm.DDS: WARNING: 
    Texture ColorMetalTexture does not exists!
Textures\Models\Cubes\BurnedMetal_ng.DDS: WARNING: 
    Texture NormalGlossTexture does not exists!
Textures\Models\Cubes\Clay_add.DDS: WARNING: 
    Texture AddMapsTexture does not exists!
Textures\Models\Cubes\PaintedMetal_VeryDark_cm.DDS: WARNING: 
    Texture ColorMetalTexture does not exists!
Textures\Models\Cubes\MetalMilitary_ng.DDS: WARNING: 
    Texture NormalGlossTexture does not exists!
Textures\Models\Cubes\MetalMilitary_add.DDS: WARNING: 
    Texture AddMapsTexture does not exists!
Textures\Models\Cubes\armor\Skins\Gold\Golden_cm.DDS: WARNING: 
    Texture ColorMetalTexture does not exists!
Textures\Models\Cubes\armor\Skins\Silver\Silver_ng.DDS: WARNING: 
    Texture NormalGlossTexture does not exists!
Textures\Models\Cubes\Aluminium_cm.DDS: WARNING: 
    Texture ColorMetalTexture does not exists!
Textures\Models\Cubes\AluminiumDull_ng.DDS: WARNING: 
    Texture NormalGlossTexture does not exists!
Textures\Models\Cubes\PaintedMetal_Clean_cm.DDS: WARNING: 
    Texture ColorMetalTexture does not exists!
Textures\Models\Cubes\PaintedMetalColorableGlossy_ng.DDS: WARNING: 
    Texture NormalGlossTexture does not exists!
Textures\Models\Cubes\PaintedMetalColorableGlossy_add.DDS: WARNING: 
    Texture AddMapsTexture does not exists!
Textures\Models\Cubes\PaintedMetalYellow_cm.DDS: WARNING: 
    Texture ColorMetalTexture does not exists!
Textures\Models\Cubes\PaintedMetalDefault_ng.DDS: WARNING: 
    Texture NormalGlossTexture does not exists!
Textures\Models\Cubes\MetalMilitary_add.DDS: WARNING: 
    Texture AddMapsTexture does not exists!
Textures\Models\Environment\Trees\DesertDeadBark_cm.dds: WARNING: 
    Texture ColorMetalTexture does not exists!
Textures\Models\Environment\Trees\PineTreesTrunk_ng.dds: WARNING: 
    Texture NormalGlossTexture does not exists!
Textures\Models\Cubes\PaintedMetalColorable_cm.DDS: WARNING: 
    Texture ColorMetalTexture does not exists!
Textures\Models\Cubes\PaintedMetalColorableGlossy_ng.DDS: WARNING: 
    Texture NormalGlossTexture does not exists!
Textures\Models\Cubes\PaintedMetalColorable_add.DDS: WARNING: 
    Texture AddMapsTexture does not exists!
Textures\Models\Cubes\RubberDry_cm.DDS: WARNING: 
    Texture ColorMetalTexture does not exists!
Textures\Models\Cubes\Rubber_ng.DDS: WARNING: 
    Texture NormalGlossTexture does not exists!
Textures\Models\Cubes\PaintedMetalColorableGlossy_cm.DDS: WARNING: 
    Texture ColorMetalTexture does not exists!
Textures\Models\Cubes\PaintedMetalColorableGlossy_ng.DDS: WARNING: 
    Texture NormalGlossTexture does not exists!
Textures\Models\Cubes\MetalMilitary_ng.DDS: WARNING: 
    Texture AddMapsTexture does not exists!
Textures\Models\Cubes\PaintedMetal_VeryDark_cm.DDS: WARNING: 
    Texture ColorMetalTexture does not exists!
Textures\Models\Cubes\MatteScratchedMetal_ng.DDS: WARNING: 
    Texture NormalGlossTexture does not exists!
Textures\Models\Cubes\Chrome_cm.DDS: WARNING: 
    Texture ColorMetalTexture does not exists!
Textures\Models\Cubes\Chrome_ng.DDS: WARNING: 
    Texture NormalGlossTexture does not exists!
Textures\Models\Cubes\armor\Skins\Gold\Golden_cm.DDS: WARNING: 
    Texture ColorMetalTexture does not exists!
Textures\Models\Cubes\Chrome_ng.DDS: WARNING: 
    Texture NormalGlossTexture does not exists!
Textures\Models\Cubes\PaintedMetalYellow_cm.DDS: WARNING: 
    Texture ColorMetalTexture does not exists!
Textures\Models\Cubes\PaintedMetalColorableGlossy_ng.DDS: WARNING: 
    Texture NormalGlossTexture does not exists!
Textures\Models\Environment\Trees\Bark_cm.DDS: WARNING: 
    Texture ColorMetalTexture does not exists!
Textures\Models\Environment\Trees\PineTreesTrunk_ng.dds: WARNING: 
    Texture NormalGlossTexture does not exists!
Textures\Models\Cubes\PaintedMetalColorable_cm.DDS: WARNING: 
    Texture ColorMetalTexture does not exists!
Textures\Models\Cubes\PaintedMetalColorable_ng.DDS: WARNING: 
    Texture NormalGlossTexture does not exists!
Textures\Models\Cubes\PaintedMetalColorable_add.DDS: WARNING: 
    Texture AddMapsTexture does not exists!
Textures\Models\Cubes\Rubber_cm.DDS: WARNING: 
    Texture ColorMetalTexture does not exists!
Textures\Models\Cubes\Rubber_ng.DDS: WARNING: 
    Texture NormalGlossTexture does not exists!
Textures\Models\Cubes\armor\Skins\Dust\GenericDust_add.DDS: WARNING: 
    Texture AddMapsTexture does not exists!
Textures\Models\Cubes\PaintedMetalColorable_cm.DDS: WARNING: 
    Texture ColorMetalTexture does not exists!
Textures\Models\Cubes\MetalMilitary_ng.DDS: WARNING: 
    Texture NormalGlossTexture does not exists!
Textures\Models\Cubes\MetalMilitary_add.DDS: WARNING: 
    Texture AddMapsTexture does not exists!
Textures\Models\Cubes\BlackMattePlastic_cm.DDS: WARNING: 
    Texture ColorMetalTexture does not exists!
Textures\Models\Cubes\PaintedMetalScratchedDarker_ng.DDS: WARNING: 
    Texture NormalGlossTexture does not exists!
Textures\Models\Cubes\PaintedMetalYellow_cm.DDS: WARNING: 
    Texture ColorMetalTexture does not exists!
Textures\Models\Cubes\Rubber_ng.DDS: WARNING: 
    Texture NormalGlossTexture does not exists!
Textures\Models\Cubes\PaintedMetalYellow_cm.DDS: WARNING: 
    Texture ColorMetalTexture does not exists!
Textures\Models\Cubes\PlasticWhite_ng.DDS: WARNING: 
    Texture NormalGlossTexture does not exists!
Textures\Models\Cubes\BlackMattePlastic_cm.DDS: WARNING: 
    Texture ColorMetalTexture does not exists!
Textures\Models\Cubes\ClothBag_ng.DDS: WARNING: 
    Texture NormalGlossTexture does not exists!
Textures\Models\Cubes\MetalMilitary_cm.DDS: WARNING: 
    Texture ColorMetalTexture does not exists!
Textures\Voxels\MoonSoil_01_ForAxisXZ_ng.dds: WARNING: 
    Texture NormalGlossTexture does not exists!
Textures\Voxels\MoonSoil_01_ForAxisXZ_add.dds: WARNING: 
    Texture AddMapsTexture does not exists!
Textures\Models\Cubes\PlasticWhite_cm.DDS: WARNING: 
    Texture ColorMetalTexture does not exists!
Textures\Models\Cubes\PlasticWhite_ng.DDS: WARNING: 
    Texture NormalGlossTexture does not exists!
Textures\Models\Cubes\Rubber_cm.DDS: WARNING: 
    Texture ColorMetalTexture does not exists!
Textures\Models\Cubes\RubberWheels_ng.DDS: WARNING: 
    Texture NormalGlossTexture does not exists!
Textures\Models\Cubes\armor\Skins\Dust\GenericDust_add.DDS: WARNING: 
    Texture AddMapsTexture does not exists!
Textures\Models\Debug\white_cm.dds: WARNING: 
    Texture ColorMetalTexture does not exists!
Textures\Models\Cubes\ScreenArea_add.DDS: WARNING: 
    Texture AddMapsTexture does not exists!
Textures\Models\Cubes\BlackMetal_cm.DDS: WARNING: 
    Texture ColorMetalTexture does not exists!
Textures\Models\Cubes\PlasticWhite_ng.DDS: WARNING: 
    Texture NormalGlossTexture does not exists!
Dummy.dds: WARNING: 
    Texture DiffuseTexture does not exists!
Textures\Models\Cubes\ClothStripe_cm.DDS: WARNING: 
    Texture ColorMetalTexture does not exists!
Textures\Models\Cubes\ClothBag_ng.DDS: WARNING: 
    Texture NormalGlossTexture does not exists!
Textures\Models\Cubes\ClothBag_add.DDS: WARNING: 
    Texture AddMapsTexture does not exists!
Textures\Models\Cubes\BurnedMetal_cm.DDS: WARNING: 
    Texture ColorMetalTexture does not exists!
Textures\Models\Cubes\BurnedMetal_ng.DDS: WARNING: 
    Texture NormalGlossTexture does not exists!
Textures\Models\Cubes\PaintedMetalColorableGlossy_cm.DDS: WARNING: 
    Texture ColorMetalTexture does not exists!
Textures\Models\Cubes\PaintedMetalScratchedColorable_ng.DDS: WARNING: 
    Texture NormalGlossTexture does not exists!
Textures\Models\Cubes\PaintedMetalColorableGlossy_cm.DDS: WARNING: 
    Texture ColorMetalTexture does not exists!
Textures\Models\Cubes\PlasticWhite_ng.DDS: WARNING: 
    Texture NormalGlossTexture does not exists!
Textures\Models\Cubes\Clay_cm.DDS: WARNING: 
    Texture ColorMetalTexture does not exists!
Textures\Models\Cubes\PlasticWhite_ng.DDS: WARNING: 
    Texture NormalGlossTexture does not exists!
Textures\Models\Cubes\PaintedMetal_VeryDark_cm.DDS: WARNING: 
    Texture ColorMetalTexture does not exists!
Textures\Models\Cubes\RubberDry_ng.DDS: WARNING: 
    Texture NormalGlossTexture does not exists!
Textures\Models\Cubes\ClothBag_add.DDS: WARNING: 
    Texture AddMapsTexture does not exists!
Textures\Models\Cubes\PaintedMetalColorable_cm.DDS: WARNING: 
    Texture ColorMetalTexture does not exists!
Textures\Models\Cubes\MetalMilitary_ng.DDS: WARNING: 
    Texture NormalGlossTexture does not exists!
Textures\Models\Cubes\MetalMilitary_add.DDS: WARNING: 
    Texture AddMapsTexture does not exists!
Textures\Models\Cubes\RubberScratched_cm.DDS: WARNING: 
    Texture ColorMetalTexture does not exists!
Textures\Models\Cubes\RubberScratched_ng.DDS: WARNING: 
    Texture NormalGlossTexture does not exists!
Textures\Models\Cubes\ClothBag_add.DDS: WARNING: 
    Texture AddMapsTexture does not exists!
Textures\Models\Cubes\BurnedMetal_cm.DDS: WARNING: 
    Texture ColorMetalTexture does not exists!
Textures\Models\Cubes\ClothBag_ng.DDS: WARNING: 
    Texture NormalGlossTexture does not exists!
Textures\Models\Cubes\ClothBag_add.DDS: WARNING: 
    Texture AddMapsTexture does not exists!
C:\Users\abbot\AppData\Local\Temp\tmp6nie6es_\Content\AWGMaterialLibrary.fbx: Processed
: 
    : Finished in 0.1s
