Running from: C:\Users\abbot\AppData\Local\Temp\tmp4vuvveuk 
Command: D:\SSDSteamLibrary\steamapps\common\SpaceEngineers\Tools\MwmBuilder\MwmBuilder.exe /s:Content /m:DriverHatch.fbx /o:.\ 
: WARNING: 
    Could not find Materials library folder.
Textures\Models\Cubes\PaintedMetalColorable_cm.DDS: WARNING: 
    Texture ColorMetalTexture does not exists!
Textures\Models\Cubes\PaintedMetalColorableGlossy_ng.DDS: WARNING: 
    Texture NormalGlossTexture does not exists!
Textures\Models\Cubes\PaintedMetalColorableGlossy_add.DDS: WARNING: 
    Texture AddMapsTexture does not exists!
Textures\Models\Cubes\PaintedMetalColorable_cm.DDS: WARNING: 
    Texture ColorMetalTexture does not exists!
Textures\Models\Cubes\PaintedMetalColorableGlossy_ng.DDS: WARNING: 
    Texture NormalGlossTexture does not exists!
Textures\Models\Cubes\PaintedMetalColorableGlossy_add.DDS: WARNING: 
    Texture AddMapsTexture does not exists!
Textures\Models\Cubes\MetalMilitary_cm.DDS: WARNING: 
    Texture ColorMetalTexture does not exists!
Textures\Models\Cubes\PaintedMetalColorableGlossy_ng.DDS: WARNING: 
    Texture NormalGlossTexture does not exists!
Textures\Models\Cubes\PaintedMetalColorableGlossy_add.DDS: WARNING: 
    Texture AddMapsTexture does not exists!
Textures\Models\Cubes\MetalMilitary_cm.DDS: WARNING: 
    Texture ColorMetalTexture does not exists!
Textures\Models\Cubes\PaintedMetalColorableGlossy_ng.DDS: WARNING: 
    Texture NormalGlossTexture does not exists!
Textures\Models\Cubes\PaintedMetalColorableGlossy_add.DDS: WARNING: 
    Texture AddMapsTexture does not exists!
Textures\Particles\SquareWindowDirtInside.DDS: WARNING: 
    Texture ColorMetalTexture does not exists!
Textures\Models\Cubes\CameraLens_ng.DDS: WARNING: 
    Texture NormalGlossTexture does not exists!
Textures\Particles\SquareWindowDirtInside_ca.DDS: WARNING: 
    Texture ColorMetalTexture does not exists!
Textures\Models\Cubes\CameraLens_ng.DDS: WARNING: 
    Texture NormalGlossTexture does not exists!
Textures\Models\Cubes\MetalMilitary_cm.DDS: WARNING: 
    Texture ColorMetalTexture does not exists!
Textures\Models\Cubes\PaintedMetalColorableGlossy_ng.DDS: WARNING: 
    Texture NormalGlossTexture does not exists!
Textures\Models\Cubes\PaintedMetalColorableGlossy_add.DDS: WARNING: 
    Texture AddMapsTexture does not exists!
Textures\Models\Cubes\PaintedMetalColorable_cm.DDS: WARNING: 
    Texture ColorMetalTexture does not exists!
Textures\Models\Cubes\PaintedMetalColorableGlossy_ng.DDS: WARNING: 
    Texture NormalGlossTexture does not exists!
Textures\Models\Cubes\PaintedMetalColorableGlossy_add.DDS: WARNING: 
    Texture AddMapsTexture does not exists!
Textures\Models\Cubes\Rubber_cm.DDS: WARNING: 
    Texture ColorMetalTexture does not exists!
Textures\Models\Cubes\Rubber_ng.DDS: WARNING: 
    Texture NormalGlossTexture does not exists!
Textures\Models\Cubes\PaintedMetalDarker_cm.DDS: WARNING: 
    Texture ColorMetalTexture does not exists!
Textures\Models\Cubes\MetalMilitary_ng.DDS: WARNING: 
    Texture NormalGlossTexture does not exists!
Textures\Models\Cubes\MetalMilitary_add.DDS: WARNING: 
    Texture AddMapsTexture does not exists!
Textures\Models\Cubes\Rubber_cm.DDS: WARNING: 
    Texture ColorMetalTexture does not exists!
Textures\Models\Cubes\Rubber_ng.DDS: WARNING: 
    Texture NormalGlossTexture does not exists!
Textures\Models\Cubes\armor\Skins\Dust\GenericDust_add.DDS: WARNING: 
    Texture AddMapsTexture does not exists!
Textures\Models\Cubes\PaintedMetalDarker_cm.DDS: WARNING: 
    Texture ColorMetalTexture does not exists!
Textures\Models\Cubes\MetalMilitary_ng.DDS: WARNING: 
    Texture NormalGlossTexture does not exists!
Textures\Models\Cubes\MetalMilitary_add.DDS: WARNING: 
    Texture AddMapsTexture does not exists!
Textures\Models\Cubes\Rubber_cm.DDS: WARNING: 
    Texture ColorMetalTexture does not exists!
Textures\Models\Cubes\Rubber_ng.DDS: WARNING: 
    Texture NormalGlossTexture does not exists!
Textures\Models\Cubes\armor\Skins\Dust\GenericDust_add.DDS: WARNING: 
    Texture AddMapsTexture does not exists!
: WARNING: 
    Model contains degenerated triangle (indices 931 942 930)
: WARNING: 
    Model contains degenerated triangle (indices 933 945 944)
: WARNING: 
    Model contains degenerated triangle (indices 1021 1019 1018)
: WARNING: 
    Model contains degenerated triangle (indices 1009 1023 1022)
C:\Users\abbot\AppData\Local\Temp\tmp4vuvveuk\Content\DriverHatch.fbx: Processed
: 
    : Finished in 0.1s
