Running from: C:\Users\abbot\AppData\Local\Temp\tmp4d4j7exi 
Command: D:\SSDSteamLibrary\steamapps\common\SpaceEngineers\Tools\MwmBuilder\MwmBuilder.exe /s:Content /m:Mk214ANew.fbx /o:.\ 
: WARNING: 
    Could not find Materials library folder.
Textures\Models\Cubes\MetalMilitary_cm.DDS: WARNING: 
    Texture ColorMetalTexture does not exists!
Textures\Models\Cubes\PaintedMetalColorable_ng.DDS: WARNING: 
    Texture NormalGlossTexture does not exists!
Textures\Models\Cubes\PaintedMetalColorable_add.DDS: WARNING: 
    Texture AddMapsTexture does not exists!
Textures\Models\Cubes\BlackMetal_cm.DDS: WARNING: 
    Texture ColorMetalTexture does not exists!
Textures\Models\Cubes\BlackMetal_ng.DDS: WARNING: 
    Texture NormalGlossTexture does not exists!
Textures\Models\Cubes\armor\Skins\Gold\Golden_cm.DDS: WARNING: 
    Texture ColorMetalTexture does not exists!
Textures\Models\Cubes\PaintedMetalColorable_ng.DDS: WARNING: 
    Texture NormalGlossTexture does not exists!
Textures\Models\Cubes\PaintedMetalColorable_add.DDS: WARNING: 
    Texture AddMapsTexture does not exists!
Textures\Models\Cubes\PaintedMetalDarker_cm.DDS: WARNING: 
    Texture ColorMetalTexture does not exists!
Textures\Models\Cubes\MetalMilitary_ng.DDS: WARNING: 
    Texture NormalGlossTexture does not exists!
Textures\Models\Cubes\MetalMilitary_add.DDS: WARNING: 
    Texture AddMapsTexture does not exists!
Textures\Models\Cubes\armor\Skins\Silver\Silver_cm.DDS: WARNING: 
    Texture ColorMetalTexture does not exists!
Textures\Models\Cubes\PlasticWhite_ng.DDS: WARNING: 
    Texture NormalGlossTexture does not exists!
Textures\Models\Cubes\Chrome_cm.DDS: WARNING: 
    Texture ColorMetalTexture does not exists!
Textures\Models\Cubes\Chrome_ng.DDS: WARNING: 
    Texture NormalGlossTexture does not exists!
Textures\Models\Cubes\Aluminium_cm.DDS: WARNING: 
    Texture ColorMetalTexture does not exists!
Textures\Models\Cubes\AluminiumDull_ng.DDS: WARNING: 
    Texture NormalGlossTexture does not exists!
Textures\Models\Cubes\MetalMilitary_cm.DDS: WARNING: 
    Texture ColorMetalTexture does not exists!
Textures\Models\Cubes\PaintedMetalColorableGlossy_ng.DDS: WARNING: 
    Texture NormalGlossTexture does not exists!
Textures\Models\Cubes\PaintedMetalColorableGlossy_add.DDS: WARNING: 
    Texture AddMapsTexture does not exists!
Textures\Models\Cubes\armor\Skins\Silver\Silver_cm.DDS: WARNING: 
    Texture ColorMetalTexture does not exists!
Textures\Models\Cubes\PlasticWhite_ng.DDS: WARNING: 
    Texture NormalGlossTexture does not exists!
Textures\Models\Cubes\MetalMilitary_cm.DDS: WARNING: 
    Texture ColorMetalTexture does not exists!
Textures\Models\Cubes\PaintedMetalColorable_ng.DDS: WARNING: 
    Texture NormalGlossTexture does not exists!
Textures\Models\Cubes\PaintedMetalColorable_add.DDS: WARNING: 
    Texture AddMapsTexture does not exists!
Textures\Models\Cubes\PaintedMetalDarker_cm.DDS: WARNING: 
    Texture ColorMetalTexture does not exists!
Textures\Models\Cubes\MetalMilitary_ng.DDS: WARNING: 
    Texture NormalGlossTexture does not exists!
Textures\Models\Cubes\MetalMilitary_add.DDS: WARNING: 
    Texture AddMapsTexture does not exists!
Textures\Models\Cubes\BlackMattePlastic_cm.DDS: WARNING: 
    Texture ColorMetalTexture does not exists!
Textures\Models\Cubes\BlackMattePlastic_ng.DDS: WARNING: 
    Texture NormalGlossTexture does not exists!
Textures\Models\Cubes\MetalMilitary_cm.DDS: WARNING: 
    Texture ColorMetalTexture does not exists!
Textures\Models\Cubes\PaintedMetalColorable_ng.DDS: WARNING: 
    Texture NormalGlossTexture does not exists!
Textures\Models\Cubes\PaintedMetalColorable_add.DDS: WARNING: 
    Texture AddMapsTexture does not exists!
: WARNING: 
    Model contains degenerated triangle (indices 592 591 590)
: WARNING: 
    Model contains degenerated triangle (indices 592 590 589)
: WARNING: 
    Model contains degenerated triangle (indices 591 596 595)
: WARNING: 
    Model contains degenerated triangle (indices 591 595 590)
: WARNING: 
    Model contains degenerated triangle (indices 604 603 602)
: WARNING: 
    Model contains degenerated triangle (indices 612 611 610)
: WARNING: 
    Model contains degenerated triangle (indices 616 592 589)
: WARNING: 
    Model contains degenerated triangle (indices 603 583 602)
: WARNING: 
    Model contains degenerated triangle (indices 729 718 728)
: WARNING: 
    Model contains degenerated triangle (indices 611 724 610)
: WARNING: 
    Model contains degenerated triangle (indices 598 729 728)
: WARNING: 
    Model contains degenerated triangle (indices 596 609 595)
: WARNING: 
    Model contains degenerated triangle (indices 893 892 891)
: WARNING: 
    Model contains degenerated triangle (indices 899 898 897)
: WARNING: 
    Model contains degenerated triangle (indices 899 897 896)
: WARNING: 
    Model contains degenerated triangle (indices 905 904 903)
: WARNING: 
    Model contains degenerated triangle (indices 913 892 893)
: WARNING: 
    Model contains degenerated triangle (indices 919 918 908)
: WARNING: 
    Model contains degenerated triangle (indices 896 897 904)
: WARNING: 
    Model contains degenerated triangle (indices 896 904 905)
: WARNING: 
    Model contains degenerated triangle (indices 1020 918 919)
: WARNING: 
    Model contains degenerated triangle (indices 1024 1031 1030)
: WARNING: 
    Model contains degenerated triangle (indices 1037 898 899)
: WARNING: 
    Model contains degenerated triangle (indices 1030 1031 1036)
C:\Users\abbot\AppData\Local\Temp\tmp4d4j7exi\Content\Mk214ANew.fbx: Processed
: 
    : Finished in 0.1s
