Running from: C:\Users\abbot\AppData\Local\Temp\tmpodr3zy17 
Command: D:\SSDSteamLibrary\steamapps\common\SpaceEngineers\Tools\MwmBuilder\MwmBuilder.exe /s:Content /m:TrenchTrack4.fbx /o:.\ 
: WARNING: 
    Could not find Materials library folder.
Textures\Models\Cubes\MetalMilitary_cm.DDS: WARNING: 
    Texture ColorMetalTexture does not exists!
Textures\Models\Cubes\BurnedMetal_ng.DDS: WARNING: 
    Texture NormalGlossTexture does not exists!
Textures\Models\Cubes\PaintedMetalColorable_add.DDS: WARNING: 
    Texture AddMapsTexture does not exists!
Textures\Models\Cubes\Rubber_cm.DDS: WARNING: 
    Texture ColorMetalTexture does not exists!
Textures\Models\Cubes\MetalMilitary_ng.DDS: WARNING: 
    Texture NormalGlossTexture does not exists!
Textures\Models\Cubes\MetalMilitary_add.DDS: WARNING: 
    Texture AddMapsTexture does not exists!
Textures\Models\Cubes\BurnedMetal_cm.DDS: WARNING: 
    Texture ColorMetalTexture does not exists!
Textures\Models\Cubes\BurnedMetal_ng.DDS: WARNING: 
    Texture NormalGlossTexture does not exists!
C:\Users\abbot\AppData\Local\Temp\tmpodr3zy17\Content\TrenchTrack4.fbx: Processed
: 
    : Finished in 0.2s
