Running from: C:\Users\abbot\AppData\Local\Temp\tmpptdwkyey 
Command: D:\SSDSteamLibrary\steamapps\common\SpaceEngineers\Tools\MwmBuilder\MwmBuilder.exe /s:Content /m:BrakeLongFrench75mm.fbx /o:.\ 
: WARNING: 
    Could not find Materials library folder.
Textures\Models\Cubes\MetalMilitary_cm.DDS: WARNING: 
    Texture ColorMetalTexture does not exists!
Textures\Models\Cubes\PaintedMetalColorableGlossy_ng.DDS: WARNING: 
    Texture NormalGlossTexture does not exists!
Textures\Models\Cubes\PaintedMetalColorableGlossy_add.DDS: WARNING: 
    Texture AddMapsTexture does not exists!
Textures\Models\Cubes\PaintedMetalColorable_cm.DDS: WARNING: 
    Texture ColorMetalTexture does not exists!
Textures\Models\Cubes\PaintedMetalColorable_ng.DDS: WARNING: 
    Texture NormalGlossTexture does not exists!
Textures\Models\Cubes\PaintedMetalColorable_add.DDS: WARNING: 
    Texture AddMapsTexture does not exists!
Textures\Models\Cubes\MetalMilitary_cm.DDS: WARNING: 
    Texture ColorMetalTexture does not exists!
Textures\Models\Cubes\PaintedMetalColorable_ng.DDS: WARNING: 
    Texture NormalGlossTexture does not exists!
Textures\Models\Cubes\PaintedMetalColorable_add.DDS: WARNING: 
    Texture AddMapsTexture does not exists!
: WARNING: 
    Model contains degenerated triangle (indices 176 181 180)
: WARNING: 
    Model contains degenerated triangle (indices 181 176 182)
: WARNING: 
    Model contains degenerated triangle (indices 189 192 191)
: WARNING: 
    Model contains degenerated triangle (indices 192 189 193)
: WARNING: 
    Model contains degenerated triangle (indices 199 203 202)
: WARNING: 
    Model contains degenerated triangle (indices 203 199 204)
: WARNING: 
    Model contains degenerated triangle (indices 653 649 648)
: WARNING: 
    Model contains degenerated triangle (indices 654 648 649)
: WARNING: 
    Model contains degenerated triangle (indices 659 662 661)
: WARNING: 
    Model contains degenerated triangle (indices 665 661 662)
: WARNING: 
    Model contains degenerated triangle (indices 669 672 671)
: WARNING: 
    Model contains degenerated triangle (indices 676 671 672)
C:\Users\abbot\AppData\Local\Temp\tmpptdwkyey\Content\BrakeLongFrench75mm.fbx: Processed
: 
    : Finished in 0.2s
